// Jest Snapshot v1, https://goo.gl/fbAQLP

exports[`Actions for Fetch Fetch creates a FETCH_FAILURE action 1`] = `
Array [
  Object {
    "payload": Object {
      "message": "internal server error",
    },
    "type": "FETCH_FAILURE",
  },
]
`;

exports[`Actions for Fetch Fetch creates a FETCH_SUCCESS action 1`] = `
Array [
  Object {
    "payload": Object {
      "data": Array [
        Object {
          "body": "body",
          "id": "1",
          "title": "title",
        },
        Object {
          "body": "body",
          "id": "2",
          "title": "title",
        },
      ],
    },
    "type": "FETCH_SUCCESS",
  },
]
`;
